Flow report for Final_Project_AY
Fri Dec 13 12:24:06 2024
Quartus Prime Version 18.1.0 Build 625 09/12/2018 SJ Lite Edition


---------------------
; Table of Contents ;
---------------------
  1. Legal Notice
  2. Flow Summary
  3. Flow Settings
  4. Flow Non-Default Global Settings
  5. Flow Elapsed Time
  6. Flow OS Summary
  7. Flow Log
  8. Flow Messages
  9. Flow Suppressed Messages



----------------
; Legal Notice ;
----------------
Copyright (C) 2018  Intel Corporation. All rights reserved.
Your use of Intel Corporation's design tools, logic functions 
and other software and tools, and its AMPP partner logic 
functions, and any output files from any of the foregoing 
(including device programming or simulation files), and any 
associated documentation or information are expressly subject 
to the terms and conditions of the Intel Program License 
Subscription Agreement, the Intel Quartus Prime License Agreement,
the Intel FPGA IP License Agreement, or other applicable license
agreement, including, without limitation, that your use is for
the sole purpose of programming logic devices manufactured by
Intel and sold by Intel or its authorized distributors.  Please
refer to the applicable agreement for further details.



+-------------------------------------------------------------------------------+
; Flow Summary                                                                  ;
+---------------------------------+---------------------------------------------+
; Flow Status                     ; Successful - Fri Dec 13 12:24:06 2024       ;
; Quartus Prime Version           ; 18.1.0 Build 625 09/12/2018 SJ Lite Edition ;
; Revision Name                   ; Final_Project_AY                            ;
; Top-level Entity Name           ; Yunayev_Final_Project                       ;
; Family                          ; Cyclone V                                   ;
; Device                          ; 5CGXFC7C7F23C8                              ;
; Timing Models                   ; Final                                       ;
; Logic utilization (in ALMs)     ; 84 / 56,480 ( < 1 % )                       ;
; Total registers                 ; 279                                         ;
; Total pins                      ; 44 / 268 ( 16 % )                           ;
; Total virtual pins              ; 0                                           ;
; Total block memory bits         ; 1,024 / 7,024,640 ( < 1 % )                 ;
; Total DSP Blocks                ; 0 / 156 ( 0 % )                             ;
; Total HSSI RX PCSs              ; 0 / 6 ( 0 % )                               ;
; Total HSSI PMA RX Deserializers ; 0 / 6 ( 0 % )                               ;
; Total HSSI TX PCSs              ; 0 / 6 ( 0 % )                               ;
; Total HSSI PMA TX Serializers   ; 0 / 6 ( 0 % )                               ;
; Total PLLs                      ; 0 / 13 ( 0 % )                              ;
; Total DLLs                      ; 0 / 4 ( 0 % )                               ;
+---------------------------------+---------------------------------------------+


+-----------------------------------------+
; Flow Settings                           ;
+-------------------+---------------------+
; Option            ; Setting             ;
+-------------------+---------------------+
; Start date & time ; 12/13/2024 12:22:34 ;
; Main task         ; Compilation         ;
; Revision Name     ; Final_Project_AY    ;
+-------------------+---------------------+


+------------------------------------------------------------------------------------------------------------------------------------------+
; Flow Non-Default Global Settings                                                                                                         ;
+-------------------------------------+----------------------------------------+------------------+-----------------------+----------------+
; Assignment Name                     ; Value                                  ; Default Value    ; Entity Name           ; Section Id     ;
+-------------------------------------+----------------------------------------+------------------+-----------------------+----------------+
; COMPILER_SIGNATURE_ID               ; 158527626333656.173411055330488        ; --               ; --                    ; --             ;
; EDA_OUTPUT_DATA_FORMAT              ; Vhdl                                   ; --               ; --                    ; eda_simulation ;
; EDA_SIMULATION_TOOL                 ; ModelSim-Altera (VHDL)                 ; <None>           ; --                    ; --             ;
; EDA_TIME_SCALE                      ; 1 ps                                   ; --               ; --                    ; eda_simulation ;
; MAX_CORE_JUNCTION_TEMP              ; 85                                     ; --               ; --                    ; --             ;
; MIN_CORE_JUNCTION_TEMP              ; 0                                      ; --               ; --                    ; --             ;
; MISC_FILE                           ; lpm_ram.cmp                            ; --               ; --                    ; --             ;
; MISC_FILE                           ; LPM_REG.cmp                            ; --               ; --                    ; --             ;
; MISC_FILE                           ; LPM_ADDER_SUBER.cmp                    ; --               ; --                    ; --             ;
; MISC_FILE                           ; LPM_MUXER.cmp                          ; --               ; --                    ; --             ;
; PARTITION_COLOR                     ; -- (Not supported for targeted family) ; --               ; Yunayev_Final_Project ; Top            ;
; PARTITION_FITTER_PRESERVATION_LEVEL ; -- (Not supported for targeted family) ; --               ; Yunayev_Final_Project ; Top            ;
; PARTITION_NETLIST_TYPE              ; -- (Not supported for targeted family) ; --               ; Yunayev_Final_Project ; Top            ;
; POWER_BOARD_THERMAL_MODEL           ; None (CONSERVATIVE)                    ; --               ; --                    ; --             ;
; POWER_PRESET_COOLING_SOLUTION       ; 23 MM HEAT SINK WITH 200 LFPM AIRFLOW  ; --               ; --                    ; --             ;
; PROJECT_OUTPUT_DIRECTORY            ; output_files                           ; --               ; --                    ; --             ;
; TOP_LEVEL_ENTITY                    ; Yunayev_Final_Project                  ; Final_Project_AY ; --                    ; --             ;
+-------------------------------------+----------------------------------------+------------------+-----------------------+----------------+


+--------------------------------------------------------------------------------------------------------------------------+
; Flow Elapsed Time                                                                                                        ;
+----------------------+--------------+-------------------------+---------------------+------------------------------------+
; Module Name          ; Elapsed Time ; Average Processors Used ; Peak Virtual Memory ; Total CPU Time (on all processors) ;
+----------------------+--------------+-------------------------+---------------------+------------------------------------+
; Analysis & Synthesis ; 00:00:15     ; 1.0                     ; 4893 MB             ; 00:00:11                           ;
; Fitter               ; 00:00:55     ; 1.1                     ; 8106 MB             ; 00:01:22                           ;
; Assembler            ; 00:00:06     ; 1.0                     ; 4833 MB             ; 00:00:03                           ;
; Timing Analyzer      ; 00:00:08     ; 1.5                     ; 5379 MB             ; 00:00:04                           ;
; EDA Netlist Writer   ; 00:00:03     ; 1.0                     ; 4743 MB             ; 00:00:01                           ;
; Total                ; 00:01:27     ; --                      ; --                  ; 00:01:41                           ;
+----------------------+--------------+-------------------------+---------------------+------------------------------------+


+------------------------------------------------------------------------------------+
; Flow OS Summary                                                                    ;
+----------------------+------------------+------------+------------+----------------+
; Module Name          ; Machine Hostname ; OS Name    ; OS Version ; Processor type ;
+----------------------+------------------+------------+------------+----------------+
; Analysis & Synthesis ; AL               ; Windows 10 ; 10.0       ; x86_64         ;
; Fitter               ; AL               ; Windows 10 ; 10.0       ; x86_64         ;
; Assembler            ; AL               ; Windows 10 ; 10.0       ; x86_64         ;
; Timing Analyzer      ; AL               ; Windows 10 ; 10.0       ; x86_64         ;
; EDA Netlist Writer   ; AL               ; Windows 10 ; 10.0       ; x86_64         ;
+----------------------+------------------+------------+------------+----------------+


------------
; Flow Log ;
------------
quartus_map --read_settings_files=on --write_settings_files=off Final_Project_AY -c Final_Project_AY
quartus_fit --read_settings_files=off --write_settings_files=off Final_Project_AY -c Final_Project_AY
quartus_asm --read_settings_files=off --write_settings_files=off Final_Project_AY -c Final_Project_AY
quartus_sta Final_Project_AY -c Final_Project_AY
quartus_eda --read_settings_files=off --write_settings_files=off Final_Project_AY -c Final_Project_AY



